#
# There is insufficient memory for the Java Runtime Environment to continue.
# Native memory allocation (malloc) failed to allocate 1048576 bytes. Error detail: AllocateHeap
# Possible reasons:
#   The system is out of physical RAM or swap space
#   This process is running with CompressedOops enabled, and the Java Heap may be blocking the growth of the native heap
# Possible solutions:
#   Reduce memory load on the system
#   Increase physical memory or swap space
#   Check if swap backing store is full
#   Decrease Java heap size (-Xmx/-Xms)
#   Decrease number of Java threads
#   Decrease Java thread stack sizes (-Xss)
#   Set larger code cache with -XX:ReservedCodeCacheSize=
#   JVM is running with Unscaled Compressed Oops mode in which the Java heap is
#     placed in the first 4GB address space. The Java Heap base address is the
#     maximum limit for the native heap growth. Please use -XX:HeapBaseMinAddress
#     to set the Java Heap base and to place the Java Heap above 4GB virtual address.
# This output file may be truncated or incomplete.
#
#  Out of Memory Error (allocation.cpp:44), pid=31484, tid=26184
#
# JRE version: OpenJDK Runtime Environment Temurin-21.0.9+10 (21.0.9+10) (build 21.0.9+10-LTS)
# Java VM: OpenJDK 64-Bit Server VM Temurin-21.0.9+10 (21.0.9+10-LTS, mixed mode, sharing, tiered, compressed oops, compressed class ptrs, parallel gc, windows-amd64)
# No core dump will be written. Minidumps are not enabled by default on client versions of Windows
#

---------------  S U M M A R Y ------------

Command Line: --add-modules=ALL-SYSTEM --add-opens=java.base/java.util=ALL-UNNAMED --add-opens=java.base/java.lang=ALL-UNNAMED --add-opens=java.base/sun.nio.fs=ALL-UNNAMED -Declipse.application=org.eclipse.jdt.ls.core.id1 -Dosgi.bundles.defaultStartLevel=4 -Declipse.product=org.eclipse.jdt.ls.core.product -Djava.import.generatesMetadataFilesAtProjectRoot=false -DDetectVMInstallationsJob.disabled=true -Dfile.encoding=utf8 -XX:+UseParallelGC -XX:GCTimeRatio=4 -XX:AdaptiveSizePolicyWeight=90 -Dsun.zip.disableMemoryMapping=true -Xmx2G -Xms100m -Xlog:disable -javaagent:c:\Users\aliak\.vscode\extensions\redhat.java-1.50.0-win32-x64\lombok\lombok-1.18.39-4050.jar -XX:+HeapDumpOnOutOfMemoryError -XX:HeapDumpPath=c:\Users\aliak\AppData\Roaming\Code\User\workspaceStorage\2a5bf231000b155b76acf6028f20ce15\redhat.java -Daether.dependencyCollector.impl=bf c:\Users\aliak\.vscode\extensions\redhat.java-1.50.0-win32-x64\server\plugins\org.eclipse.equinox.launcher_1.7.100.v20251111-0406.jar -configuration c:\Users\aliak\AppData\Roaming\Code\User\globalStorage\redhat.java\1.50.0\config_win -data c:\Users\aliak\AppData\Roaming\Code\User\workspaceStorage\2a5bf231000b155b76acf6028f20ce15\redhat.java\jdt_ws --pipe=\\.\pipe\lsp-4049e69c7025df7c53c4268d0878eaa7-sock

Host: 12th Gen Intel(R) Core(TM) i5-12450H, 12 cores, 7G,  Windows 11 , 64 bit Build 26100 (10.0.26100.7019)
Time: Mon Dec 15 12:05:08 2025 Pakistan Standard Time elapsed time: 46348.182184 seconds (0d 12h 52m 28s)

---------------  T H R E A D  ---------------

Current thread (0x00000237c82087d0):  JavaThread "Attach Listener" daemon [_thread_in_vm, id=26184, stack(0x000000834e400000,0x000000834e500000) (1024K)]

Stack: [0x000000834e400000,0x000000834e500000]
Native frames: (J=compiled Java code, j=interpreted, Vv=VM code, C=native code)
V  [jvm.dll+0x6d6e29]
V  [jvm.dll+0x8b4b76]
V  [jvm.dll+0x8b712e]
V  [jvm.dll+0x8b7813]
V  [jvm.dll+0x283d86]
V  [jvm.dll+0xc1277]
V  [jvm.dll+0x6d76d9]
V  [jvm.dll+0x133466]
V  [jvm.dll+0x3f7ea6]
V  [jvm.dll+0x85e9ad]
V  [jvm.dll+0x6d565d]
C  [ucrtbase.dll+0x37b0]
C  [KERNEL32.DLL+0x2e8d7]
C  [ntdll.dll+0x8c53c]


---------------  P R O C E S S  ---------------

Threads class SMR info:
_java_thread_list=0x00000237e62fcfb0, length=39, elements={
0x00000237c8160510, 0x00000237c8203390, 0x00000237c810e920, 0x00000237c8207b80,
0x00000237c82087d0, 0x00000237c820aab0, 0x00000237c82188f0, 0x00000237c821ad10,
0x00000237c821d750, 0x00000237e00b36a0, 0x00000237e00b22f0, 0x00000237e00b2980,
0x00000237e00b3010, 0x00000237e56dea60, 0x00000237e56dc990, 0x00000237e56dd020,
0x00000237e56de3d0, 0x00000237e56df0f0, 0x00000237e56dbc70, 0x00000237e56dfe10,
0x00000237e56e2570, 0x00000237e56e11c0, 0x00000237e56e2c00, 0x00000237e56e1ee0,
0x00000237e56e3290, 0x00000237e72290d0, 0x00000237e7229df0, 0x00000237e722a480,
0x00000237e722ab10, 0x00000237e722b1a0, 0x00000237e7229760, 0x00000237e722bec0,
0x00000237e722b830, 0x00000237e722c550, 0x00000237e762e970, 0x00000237e762dc50,
0x00000237e762d5c0, 0x00000237e63b9690, 0x00000237e63bc480
}

Java Threads: ( => current thread )
  0x00000237c8160510 JavaThread "main"                              [_thread_blocked, id=22340, stack(0x000000834dd00000,0x000000834de00000) (1024K)]
  0x00000237c8203390 JavaThread "Reference Handler"          daemon [_thread_blocked, id=21796, stack(0x000000834e100000,0x000000834e200000) (1024K)]
  0x00000237c810e920 JavaThread "Finalizer"                  daemon [_thread_blocked, id=27100, stack(0x000000834e200000,0x000000834e300000) (1024K)]
  0x00000237c8207b80 JavaThread "Signal Dispatcher"          daemon [_thread_blocked, id=19264, stack(0x000000834e300000,0x000000834e400000) (1024K)]
=>0x00000237c82087d0 JavaThread "Attach Listener"            daemon [_thread_in_vm, id=26184, stack(0x000000834e400000,0x000000834e500000) (1024K)]
  0x00000237c820aab0 JavaThread "Service Thread"             daemon [_thread_blocked, id=16060, stack(0x000000834e500000,0x000000834e600000) (1024K)]
  0x00000237c82188f0 JavaThread "Monitor Deflation Thread"   daemon [_thread_blocked, id=30304, stack(0x000000834e600000,0x000000834e700000) (1024K)]
  0x00000237c821ad10 JavaThread "C2 CompilerThread0"         daemon [_thread_blocked, id=9724, stack(0x000000834e700000,0x000000834e800000) (1024K)]
  0x00000237c821d750 JavaThread "C1 CompilerThread0"         daemon [_thread_blocked, id=19368, stack(0x000000834e800000,0x000000834e900000) (1024K)]
  0x00000237e00b36a0 JavaThread "Common-Cleaner"             daemon [_thread_blocked, id=17808, stack(0x000000834e900000,0x000000834ea00000) (1024K)]
  0x00000237e00b22f0 JavaThread "Notification Thread"        daemon [_thread_blocked, id=31400, stack(0x000000834ea00000,0x000000834eb00000) (1024K)]
  0x00000237e00b2980 JavaThread "Active Thread: Equinox Container: 7bd49466-a282-4ba9-a914-7e0ba73b56ac"        [_thread_blocked, id=30604, stack(0x000000834f100000,0x000000834f200000) (1024K)]
  0x00000237e00b3010 JavaThread "Refresh Thread: Equinox Container: 7bd49466-a282-4ba9-a914-7e0ba73b56ac" daemon [_thread_blocked, id=24404, stack(0x000000834f200000,0x000000834f300000) (1024K)]
  0x00000237e56dea60 JavaThread "Framework Event Dispatcher: Equinox Container: 7bd49466-a282-4ba9-a914-7e0ba73b56ac" daemon [_thread_blocked, id=27300, stack(0x000000834f400000,0x000000834f500000) (1024K)]
  0x00000237e56dc990 JavaThread "Start Level: Equinox Container: 7bd49466-a282-4ba9-a914-7e0ba73b56ac" daemon [_thread_blocked, id=18832, stack(0x000000834f500000,0x000000834f600000) (1024K)]
  0x00000237e56dd020 JavaThread "Bundle File Closer"         daemon [_thread_blocked, id=32608, stack(0x000000834f800000,0x000000834f900000) (1024K)]
  0x00000237e56de3d0 JavaThread "SCR Component Actor"        daemon [_thread_blocked, id=11124, stack(0x000000834f900000,0x000000834fa00000) (1024K)]
  0x00000237e56df0f0 JavaThread "Worker-JM"                         [_thread_blocked, id=21608, stack(0x000000834fb00000,0x000000834fc00000) (1024K)]
  0x00000237e56dbc70 JavaThread "Java indexing"              daemon [_thread_blocked, id=26496, stack(0x000000834fe00000,0x000000834ff00000) (1024K)]
  0x00000237e56dfe10 JavaThread "JNA Cleaner"                daemon [_thread_blocked, id=4540, stack(0x0000008350100000,0x0000008350200000) (1024K)]
  0x00000237e56e2570 JavaThread "Worker-4"                          [_thread_blocked, id=16568, stack(0x0000008350400000,0x0000008350500000) (1024K)]
  0x00000237e56e11c0 JavaThread "Thread-1"                   daemon [_thread_in_native, id=29204, stack(0x0000008350600000,0x0000008350700000) (1024K)]
  0x00000237e56e2c00 JavaThread "Thread-2"                   daemon [_thread_in_native, id=8420, stack(0x0000008350700000,0x0000008350800000) (1024K)]
  0x00000237e56e1ee0 JavaThread "Thread-3"                   daemon [_thread_in_native, id=2604, stack(0x0000008350800000,0x0000008350900000) (1024K)]
  0x00000237e56e3290 JavaThread "Thread-4"                   daemon [_thread_in_native, id=8928, stack(0x0000008350900000,0x0000008350a00000) (1024K)]
  0x00000237e72290d0 JavaThread "Thread-5"                   daemon [_thread_in_native, id=20332, stack(0x0000008350a00000,0x0000008350b00000) (1024K)]
  0x00000237e7229df0 JavaThread "Thread-6"                   daemon [_thread_in_native, id=27992, stack(0x0000008350b00000,0x0000008350c00000) (1024K)]
  0x00000237e722a480 JavaThread "Thread-7"                   daemon [_thread_in_native, id=10916, stack(0x0000008350c00000,0x0000008350d00000) (1024K)]
  0x00000237e722ab10 JavaThread "Thread-8"                   daemon [_thread_in_native, id=28368, stack(0x0000008350d00000,0x0000008350e00000) (1024K)]
  0x00000237e722b1a0 JavaThread "Thread-9"                   daemon [_thread_in_native, id=22112, stack(0x0000008350e00000,0x0000008350f00000) (1024K)]
  0x00000237e7229760 JavaThread "Thread-10"                  daemon [_thread_in_native, id=27148, stack(0x0000008350f00000,0x0000008351000000) (1024K)]
  0x00000237e722bec0 JavaThread "Thread-11"                  daemon [_thread_in_native, id=32372, stack(0x0000008351000000,0x0000008351100000) (1024K)]
  0x00000237e722b830 JavaThread "Thread-12"                  daemon [_thread_in_native, id=15940, stack(0x0000008351100000,0x0000008351200000) (1024K)]
  0x00000237e722c550 JavaThread "Thread-13"                  daemon [_thread_in_native, id=32260, stack(0x0000008351200000,0x0000008351300000) (1024K)]
  0x00000237e762e970 JavaThread "pool-2-thread-1"                   [_thread_blocked, id=29664, stack(0x0000008351300000,0x0000008351400000) (1024K)]
  0x00000237e762dc50 JavaThread "WorkspaceEventsHandler"            [_thread_blocked, id=11348, stack(0x0000008351400000,0x0000008351500000) (1024K)]
  0x00000237e762d5c0 JavaThread "pool-1-thread-1"                   [_thread_blocked, id=25508, stack(0x0000008351500000,0x0000008351600000) (1024K)]
  0x00000237e63b9690 JavaThread "Cleaner-0"                  daemon [_thread_blocked, id=20700, stack(0x0000008352900000,0x0000008352a00000) (1024K)]
  0x00000237e63bc480 JavaThread "Worker-6"                          [_thread_blocked, id=24484, stack(0x000000834db00000,0x000000834dc00000) (1024K)]
Total: 39

Other Threads:
  0x00000237c5c30a00 VMThread "VM Thread"                           [id=22124, stack(0x000000834e000000,0x000000834e100000) (1024K)]
  0x00000237c7feca00 WatcherThread "VM Periodic Task Thread"        [id=32364, stack(0x000000834df00000,0x000000834e000000) (1024K)]
  0x00000237c5c314e0 WorkerThread "GC Thread#0"                     [id=30416, stack(0x000000834de00000,0x000000834df00000) (1024K)]
  0x00000237c5c30da0 WorkerThread "GC Thread#1"                     [id=19392, stack(0x000000834eb00000,0x000000834ec00000) (1024K)]
  0x00000237c5c302c0 WorkerThread "GC Thread#2"                     [id=13348, stack(0x000000834ec00000,0x000000834ed00000) (1024K)]
  0x00000237e55d6bb0 WorkerThread "GC Thread#3"                     [id=19040, stack(0x000000834ed00000,0x000000834ee00000) (1024K)]
  0x00000237e55d6470 WorkerThread "GC Thread#4"                     [id=9264, stack(0x000000834ee00000,0x000000834ef00000) (1024K)]
  0x00000237e55d6f50 WorkerThread "GC Thread#5"                     [id=31252, stack(0x000000834ef00000,0x000000834f000000) (1024K)]
  0x00000237e55d6810 WorkerThread "GC Thread#6"                     [id=5292, stack(0x000000834f000000,0x000000834f100000) (1024K)]
  0x00000237e55d72f0 WorkerThread "GC Thread#7"                     [id=24456, stack(0x000000834f300000,0x000000834f400000) (1024K)]
  0x00000237e55d60d0 WorkerThread "GC Thread#8"                     [id=15688, stack(0x000000834f600000,0x000000834f700000) (1024K)]
  0x00000237e55d7690 WorkerThread "GC Thread#9"                     [id=23044, stack(0x000000834f700000,0x000000834f800000) (1024K)]
Total: 12

Threads with active compile tasks:
Total: 0

VM state: not at safepoint (normal execution)

VM Mutex/Monitor currently owned by a thread: None

Heap address: 0x0000000080000000, size: 2048 MB, Compressed Oops mode: 32-bit

CDS archive(s) mapped at: [0x0000023780000000-0x0000023780ba0000-0x0000023780ba0000), size 12189696, SharedBaseAddress: 0x0000023780000000, ArchiveRelocationMode: 1.
Compressed class space mapped at: 0x0000023781000000-0x00000237c1000000, reserved size: 1073741824
Narrow klass base: 0x0000023780000000, Narrow klass shift: 0, Narrow klass range: 0x100000000

GC Precious Log:
 CardTable entry size: 512
 CPUs: 12 total, 12 available
 Memory: 7884M
 Large Page Support: Disabled
 NUMA Support: Disabled
 Compressed Oops: Enabled (32-bit)
 Alignments: Space 512K, Generation 512K, Heap 2M
 Heap Min Capacity: 100M
 Heap Initial Capacity: 100M
 Heap Max Capacity: 2G
 Pre-touch: Disabled
 Parallel Workers: 10

Heap:
 PSYoungGen      total 3584K, used 2132K [0x00000000d5580000, 0x00000000d5980000, 0x0000000100000000)
  eden space 2560K, 64% used [0x00000000d5580000,0x00000000d571d010,0x00000000d5800000)
  from space 1024K, 46% used [0x00000000d5800000,0x00000000d5878000,0x00000000d5900000)
  to   space 512K, 0% used [0x00000000d5900000,0x00000000d5900000,0x00000000d5980000)
 ParOldGen       total 417280K, used 417249K [0x0000000080000000, 0x0000000099780000, 0x00000000d5580000)
  object space 417280K, 99% used [0x0000000080000000,0x0000000099778420,0x0000000099780000)
 Metaspace       used 70469K, committed 71936K, reserved 1114112K
  class space    used 7591K, committed 8256K, reserved 1048576K

Card table byte_map: [0x00000237c7b00000,0x00000237c7f10000] _byte_map_base: 0x00000237c7700000

Marking Bits: (ParMarkBitMap*) 0x00007ffb20382460
 Begin Bits: [0x00000237da610000, 0x00000237dc610000)
 End Bits:   [0x00000237dc610000, 0x00000237de610000)

Polling page: 0x00000237c5f00000

Metaspace:

Usage:
  Non-class:     61.40 MB used.
      Class:      7.41 MB used.
       Both:     68.82 MB used.

Virtual space:
  Non-class space:       64.00 MB reserved,      62.19 MB ( 97%) committed,  1 nodes.
      Class space:        1.00 GB reserved,       8.06 MB ( <1%) committed,  1 nodes.
             Both:        1.06 GB reserved,      70.25 MB (  6%) committed. 

Chunk freelists:
   Non-Class:  1.33 MB
       Class:  7.91 MB
        Both:  9.23 MB

MaxMetaspaceSize: unlimited
CompressedClassSpaceSize: 1.00 GB
Initial GC threshold: 21.00 MB
Current GC threshold: 97.81 MB
CDS: on
 - commit_granule_bytes: 65536.
 - commit_granule_words: 8192.
 - virtual_space_node_default_size: 8388608.
 - enlarge_chunks_in_place: 1.
 - use_allocation_guard: 0.


Internal statistics:

num_allocs_failed_limit: 15.
num_arena_births: 1092.
num_arena_deaths: 14.
num_vsnodes_births: 2.
num_vsnodes_deaths: 0.
num_space_committed: 1124.
num_space_uncommitted: 0.
num_chunks_returned_to_freelist: 29.
num_chunks_taken_from_freelist: 4209.
num_chunk_merges: 12.
num_chunk_splits: 2570.
num_chunks_enlarged: 1496.
num_inconsistent_stats: 0.

CodeHeap 'non-profiled nmethods': size=120000Kb used=7990Kb max_used=7990Kb free=112009Kb
 bounds [0x00000237d2e30000, 0x00000237d3600000, 0x00000237da360000]
CodeHeap 'profiled nmethods': size=120000Kb used=22224Kb max_used=22224Kb free=97775Kb
 bounds [0x00000237cb360000, 0x00000237cc920000, 0x00000237d2890000]
CodeHeap 'non-nmethods': size=5760Kb used=1499Kb max_used=1571Kb free=4260Kb
 bounds [0x00000237d2890000, 0x00000237d2b00000, 0x00000237d2e30000]
CodeCache: size=245760Kb, used=31713Kb, max_used=31785Kb, free=214044Kb
 total_blobs=10884, nmethods=10066, adapters=722, full_count=0
Compilation: enabled, stopped_count=0, restarted_count=0

Compilation events (20 events):
Event: 44871.877 Thread 0x00000237c821ad10 10778       4       com.google.gson.stream.JsonReader::nextString (168 bytes)
Event: 44871.881 Thread 0x00000237c821d750 10779       3       com.google.gson.internal.Streams::writerForAppendable (23 bytes)
Event: 44871.888 Thread 0x00000237c821d750 nmethod 10779 0x00000237cc910110 code [0x00000237cc910300, 0x00000237cc910960]
Event: 44871.888 Thread 0x00000237c821d750 10780       3       com.google.gson.stream.JsonWriter::<init> (56 bytes)
Event: 44871.891 Thread 0x00000237c821ad10 nmethod 10778 0x00000237d35fcc10 code [0x00000237d35fcde0, 0x00000237d35fcfd0]
Event: 44871.891 Thread 0x00000237c821ad10 10781       4       java.util.concurrent.atomic.AtomicLong::addAndGet (14 bytes)
Event: 44871.893 Thread 0x00000237c821d750 nmethod 10780 0x00000237cc910b10 code [0x00000237cc910d00, 0x00000237cc911158]
Event: 44871.895 Thread 0x00000237c821ad10 nmethod 10781 0x00000237d35fd190 code [0x00000237d35fd320, 0x00000237d35fd3b8]
Event: 44925.399 Thread 0x00000237c821d750 10782   !   3       org.eclipse.osgi.container.ModuleDatabase::getTimestamp (25 bytes)
Event: 44925.475 Thread 0x00000237c821d750 nmethod 10782 0x00000237cc911310 code [0x00000237cc911560, 0x00000237cc911ea8]
Event: 45045.446 Thread 0x00000237c821d750 10783       3       org.eclipse.osgi.storage.Storage::isReadOnly (10 bytes)
Event: 45045.458 Thread 0x00000237c821d750 nmethod 10783 0x00000237cc912310 code [0x00000237cc9124c0, 0x00000237cc912640]
Event: 45906.522 Thread 0x00000237c821d750 10784       3       org.eclipse.jdt.ls.core.internal.CancellableProgressMonitor::<init> (10 bytes)
Event: 45906.546 Thread 0x00000237c821d750 nmethod 10784 0x00000237cc912710 code [0x00000237cc9128c0, 0x00000237cc912ab0]
Event: 45906.639 Thread 0x00000237c821d750 10785       3       java.lang.invoke.LambdaForm$MH/0x000002378120d400::linkToTargetMethod (13 bytes)
Event: 45906.648 Thread 0x00000237c821d750 nmethod 10785 0x00000237cc912b90 code [0x00000237cc912d60, 0x00000237cc913038]
Event: 45906.648 Thread 0x00000237c821d750 10786       3       java.lang.invoke.LambdaForm$DMH/0x000002378120cc00::newInvokeSpecial (30 bytes)
Event: 45906.667 Thread 0x00000237c821d750 nmethod 10786 0x00000237cc913110 code [0x00000237cc913300, 0x00000237cc9138c8]
Event: 46038.912 Thread 0x00000237c821d750 10788   !   3       org.eclipse.osgi.internal.framework.StorageSaver$StorageSaverTask::run (31 bytes)
Event: 46038.966 Thread 0x00000237c821d750 nmethod 10788 0x00000237cc913a90 code [0x00000237cc913c60, 0x00000237cc913f00]

GC Heap History (20 events):
Event: 96.775 GC heap before
{Heap before GC invocations=247 (full 3):
 PSYoungGen      total 3584K, used 2859K [0x00000000d5580000, 0x00000000d5a00000, 0x0000000100000000)
  eden space 2560K, 99% used [0x00000000d5580000,0x00000000d57fffe8,0x00000000d5800000)
  from space 1024K, 29% used [0x00000000d5880000,0x00000000d58caea0,0x00000000d5980000)
  to   space 512K, 0% used [0x00000000d5980000,0x00000000d5980000,0x00000000d5a00000)
 ParOldGen       total 415744K, used 415294K [0x0000000080000000, 0x0000000099600000, 0x00000000d5580000)
  object space 415744K, 99% used [0x0000000080000000,0x000000009958f8f0,0x0000000099600000)
 Metaspace       used 69647K, committed 71104K, reserved 1114112K
  class space    used 7524K, committed 8192K, reserved 1048576K
}
Event: 96.778 GC heap after
{Heap after GC invocations=247 (full 3):
 PSYoungGen      total 3072K, used 352K [0x00000000d5580000, 0x00000000d5a00000, 0x0000000100000000)
  eden space 2560K, 0% used [0x00000000d5580000,0x00000000d5580000,0x00000000d5800000)
  from space 512K, 68% used [0x00000000d5980000,0x00000000d59d8020,0x00000000d5a00000)
  to   space 512K, 0% used [0x00000000d5900000,0x00000000d5900000,0x00000000d5980000)
 ParOldGen       total 415744K, used 415409K [0x0000000080000000, 0x0000000099600000, 0x00000000d5580000)
  object space 415744K, 99% used [0x0000000080000000,0x00000000995ac790,0x0000000099600000)
 Metaspace       used 69647K, committed 71104K, reserved 1114112K
  class space    used 7524K, committed 8192K, reserved 1048576K
}
Event: 96.826 GC heap before
{Heap before GC invocations=248 (full 3):
 PSYoungGen      total 3072K, used 2912K [0x00000000d5580000, 0x00000000d5a00000, 0x0000000100000000)
  eden space 2560K, 100% used [0x00000000d5580000,0x00000000d5800000,0x00000000d5800000)
  from space 512K, 68% used [0x00000000d5980000,0x00000000d59d8020,0x00000000d5a00000)
  to   space 512K, 0% used [0x00000000d5900000,0x00000000d5900000,0x00000000d5980000)
 ParOldGen       total 415744K, used 415409K [0x0000000080000000, 0x0000000099600000, 0x00000000d5580000)
  object space 415744K, 99% used [0x0000000080000000,0x00000000995ac790,0x0000000099600000)
 Metaspace       used 69663K, committed 71168K, reserved 1114112K
  class space    used 7524K, committed 8192K, reserved 1048576K
}
Event: 96.827 GC heap after
{Heap after GC invocations=248 (full 3):
 PSYoungGen      total 3072K, used 496K [0x00000000d5580000, 0x00000000d5a00000, 0x0000000100000000)
  eden space 2560K, 0% used [0x00000000d5580000,0x00000000d5580000,0x00000000d5800000)
  from space 512K, 96% used [0x00000000d5900000,0x00000000d597c010,0x00000000d5980000)
  to   space 512K, 0% used [0x00000000d5980000,0x00000000d5980000,0x00000000d5a00000)
 ParOldGen       total 415744K, used 415573K [0x0000000080000000, 0x0000000099600000, 0x00000000d5580000)
  object space 415744K, 99% used [0x0000000080000000,0x00000000995d5550,0x0000000099600000)
 Metaspace       used 69663K, committed 71168K, reserved 1114112K
  class space    used 7524K, committed 8192K, reserved 1048576K
}
Event: 3483.337 GC heap before
{Heap before GC invocations=249 (full 3):
 PSYoungGen      total 3072K, used 3056K [0x00000000d5580000, 0x00000000d5a00000, 0x0000000100000000)
  eden space 2560K, 100% used [0x00000000d5580000,0x00000000d5800000,0x00000000d5800000)
  from space 512K, 96% used [0x00000000d5900000,0x00000000d597c010,0x00000000d5980000)
  to   space 512K, 0% used [0x00000000d5980000,0x00000000d5980000,0x00000000d5a00000)
 ParOldGen       total 415744K, used 415573K [0x0000000080000000, 0x0000000099600000, 0x00000000d5580000)
  object space 415744K, 99% used [0x0000000080000000,0x00000000995d5550,0x0000000099600000)
 Metaspace       used 69806K, committed 71296K, reserved 1114112K
  class space    used 7527K, committed 8192K, reserved 1048576K
}
Event: 3483.507 GC heap after
{Heap after GC invocations=249 (full 3):
 PSYoungGen      total 3072K, used 384K [0x00000000d5580000, 0x00000000d5a00000, 0x0000000100000000)
  eden space 2560K, 0% used [0x00000000d5580000,0x00000000d5580000,0x00000000d5800000)
  from space 512K, 75% used [0x00000000d5980000,0x00000000d59e0000,0x00000000d5a00000)
  to   space 512K, 0% used [0x00000000d5900000,0x00000000d5900000,0x00000000d5980000)
 ParOldGen       total 416256K, used 415859K [0x0000000080000000, 0x0000000099680000, 0x00000000d5580000)
  object space 416256K, 99% used [0x0000000080000000,0x000000009961cfa0,0x0000000099680000)
 Metaspace       used 69806K, committed 71296K, reserved 1114112K
  class space    used 7527K, committed 8192K, reserved 1048576K
}
Event: 44790.558 GC heap before
{Heap before GC invocations=250 (full 3):
 PSYoungGen      total 3072K, used 2943K [0x00000000d5580000, 0x00000000d5a00000, 0x0000000100000000)
  eden space 2560K, 99% used [0x00000000d5580000,0x00000000d57ffff8,0x00000000d5800000)
  from space 512K, 75% used [0x00000000d5980000,0x00000000d59e0000,0x00000000d5a00000)
  to   space 512K, 0% used [0x00000000d5900000,0x00000000d5900000,0x00000000d5980000)
 ParOldGen       total 416256K, used 415859K [0x0000000080000000, 0x0000000099680000, 0x00000000d5580000)
  object space 416256K, 99% used [0x0000000080000000,0x000000009961cfa0,0x0000000099680000)
 Metaspace       used 69974K, committed 71488K, reserved 1114112K
  class space    used 7535K, committed 8192K, reserved 1048576K
}
Event: 44790.720 GC heap after
{Heap after GC invocations=250 (full 3):
 PSYoungGen      total 3072K, used 320K [0x00000000d5580000, 0x00000000d5a00000, 0x0000000100000000)
  eden space 2560K, 0% used [0x00000000d5580000,0x00000000d5580000,0x00000000d5800000)
  from space 512K, 62% used [0x00000000d5900000,0x00000000d5950000,0x00000000d5980000)
  to   space 512K, 0% used [0x00000000d5980000,0x00000000d5980000,0x00000000d5a00000)
 ParOldGen       total 416256K, used 416075K [0x0000000080000000, 0x0000000099680000, 0x00000000d5580000)
  object space 416256K, 99% used [0x0000000080000000,0x0000000099652fa0,0x0000000099680000)
 Metaspace       used 69974K, committed 71488K, reserved 1114112K
  class space    used 7535K, committed 8192K, reserved 1048576K
}
Event: 44792.550 GC heap before
{Heap before GC invocations=251 (full 3):
 PSYoungGen      total 3072K, used 2880K [0x00000000d5580000, 0x00000000d5a00000, 0x0000000100000000)
  eden space 2560K, 100% used [0x00000000d5580000,0x00000000d5800000,0x00000000d5800000)
  from space 512K, 62% used [0x00000000d5900000,0x00000000d5950000,0x00000000d5980000)
  to   space 512K, 0% used [0x00000000d5980000,0x00000000d5980000,0x00000000d5a00000)
 ParOldGen       total 416256K, used 416075K [0x0000000080000000, 0x0000000099680000, 0x00000000d5580000)
  object space 416256K, 99% used [0x0000000080000000,0x0000000099652fa0,0x0000000099680000)
 Metaspace       used 70043K, committed 71552K, reserved 1114112K
  class space    used 7537K, committed 8192K, reserved 1048576K
}
Event: 44792.559 GC heap after
{Heap after GC invocations=251 (full 3):
 PSYoungGen      total 3072K, used 496K [0x00000000d5580000, 0x00000000d5a00000, 0x0000000100000000)
  eden space 2560K, 0% used [0x00000000d5580000,0x00000000d5580000,0x00000000d5800000)
  from space 512K, 96% used [0x00000000d5980000,0x00000000d59fc010,0x00000000d5a00000)
  to   space 1024K, 0% used [0x00000000d5800000,0x00000000d5800000,0x00000000d5900000)
 ParOldGen       total 416256K, used 416240K [0x0000000080000000, 0x0000000099680000, 0x00000000d5580000)
  object space 416256K, 99% used [0x0000000080000000,0x000000009967c240,0x0000000099680000)
 Metaspace       used 70043K, committed 71552K, reserved 1114112K
  class space    used 7537K, committed 8192K, reserved 1048576K
}
Event: 44792.652 GC heap before
{Heap before GC invocations=252 (full 3):
 PSYoungGen      total 3072K, used 3056K [0x00000000d5580000, 0x00000000d5a00000, 0x0000000100000000)
  eden space 2560K, 99% used [0x00000000d5580000,0x00000000d57ffff8,0x00000000d5800000)
  from space 512K, 96% used [0x00000000d5980000,0x00000000d59fc010,0x00000000d5a00000)
  to   space 1024K, 0% used [0x00000000d5800000,0x00000000d5800000,0x00000000d5900000)
 ParOldGen       total 416256K, used 416240K [0x0000000080000000, 0x0000000099680000, 0x00000000d5580000)
  object space 416256K, 99% used [0x0000000080000000,0x000000009967c240,0x0000000099680000)
 Metaspace       used 70082K, committed 71552K, reserved 1114112K
  class space    used 7538K, committed 8192K, reserved 1048576K
}
Event: 44792.658 GC heap after
{Heap after GC invocations=252 (full 3):
 PSYoungGen      total 3584K, used 608K [0x00000000d5580000, 0x00000000d5a00000, 0x0000000100000000)
  eden space 2560K, 0% used [0x00000000d5580000,0x00000000d5580000,0x00000000d5800000)
  from space 1024K, 59% used [0x00000000d5800000,0x00000000d5898040,0x00000000d5900000)
  to   space 1024K, 0% used [0x00000000d5900000,0x00000000d5900000,0x00000000d5a00000)
 ParOldGen       total 416768K, used 416597K [0x0000000080000000, 0x0000000099700000, 0x00000000d5580000)
  object space 416768K, 99% used [0x0000000080000000,0x00000000996d56d0,0x0000000099700000)
 Metaspace       used 70082K, committed 71552K, reserved 1114112K
  class space    used 7538K, committed 8192K, reserved 1048576K
}
Event: 44792.708 GC heap before
{Heap before GC invocations=253 (full 3):
 PSYoungGen      total 3584K, used 3167K [0x00000000d5580000, 0x00000000d5a00000, 0x0000000100000000)
  eden space 2560K, 99% used [0x00000000d5580000,0x00000000d57ffdb8,0x00000000d5800000)
  from space 1024K, 59% used [0x00000000d5800000,0x00000000d5898040,0x00000000d5900000)
  to   space 1024K, 0% used [0x00000000d5900000,0x00000000d5900000,0x00000000d5a00000)
 ParOldGen       total 416768K, used 416597K [0x0000000080000000, 0x0000000099700000, 0x00000000d5580000)
  object space 416768K, 99% used [0x0000000080000000,0x00000000996d56d0,0x0000000099700000)
 Metaspace       used 70106K, committed 71616K, reserved 1114112K
  class space    used 7538K, committed 8192K, reserved 1048576K
}
Event: 44792.712 GC heap after
{Heap after GC invocations=253 (full 3):
 PSYoungGen      total 3072K, used 256K [0x00000000d5580000, 0x00000000d5980000, 0x0000000100000000)
  eden space 2560K, 0% used [0x00000000d5580000,0x00000000d5580000,0x00000000d5800000)
  from space 512K, 50% used [0x00000000d5900000,0x00000000d5940000,0x00000000d5980000)
  to   space 512K, 0% used [0x00000000d5880000,0x00000000d5880000,0x00000000d5900000)
 ParOldGen       total 417280K, used 416885K [0x0000000080000000, 0x0000000099780000, 0x00000000d5580000)
  object space 417280K, 99% used [0x0000000080000000,0x000000009971d710,0x0000000099780000)
 Metaspace       used 70106K, committed 71616K, reserved 1114112K
  class space    used 7538K, committed 8192K, reserved 1048576K
}
Event: 44793.090 GC heap before
{Heap before GC invocations=254 (full 3):
 PSYoungGen      total 3072K, used 2815K [0x00000000d5580000, 0x00000000d5980000, 0x0000000100000000)
  eden space 2560K, 99% used [0x00000000d5580000,0x00000000d57fff28,0x00000000d5800000)
  from space 512K, 50% used [0x00000000d5900000,0x00000000d5940000,0x00000000d5980000)
  to   space 512K, 0% used [0x00000000d5880000,0x00000000d5880000,0x00000000d5900000)
 ParOldGen       total 417280K, used 416885K [0x0000000080000000, 0x0000000099780000, 0x00000000d5580000)
  object space 417280K, 99% used [0x0000000080000000,0x000000009971d710,0x0000000099780000)
 Metaspace       used 70223K, committed 71744K, reserved 1114112K
  class space    used 7547K, committed 8192K, reserved 1048576K
}
Event: 44793.094 GC heap after
{Heap after GC invocations=254 (full 3):
 PSYoungGen      total 3072K, used 480K [0x00000000d5580000, 0x00000000d5a00000, 0x0000000100000000)
  eden space 2560K, 0% used [0x00000000d5580000,0x00000000d5580000,0x00000000d5800000)
  from space 512K, 93% used [0x00000000d5880000,0x00000000d58f8040,0x00000000d5900000)
  to   space 1024K, 0% used [0x00000000d5900000,0x00000000d5900000,0x00000000d5a00000)
 ParOldGen       total 417280K, used 416949K [0x0000000080000000, 0x0000000099780000, 0x00000000d5580000)
  object space 417280K, 99% used [0x0000000080000000,0x000000009972d710,0x0000000099780000)
 Metaspace       used 70223K, committed 71744K, reserved 1114112K
  class space    used 7547K, committed 8192K, reserved 1048576K
}
Event: 44793.148 GC heap before
{Heap before GC invocations=255 (full 3):
 PSYoungGen      total 3072K, used 3040K [0x00000000d5580000, 0x00000000d5a00000, 0x0000000100000000)
  eden space 2560K, 100% used [0x00000000d5580000,0x00000000d5800000,0x00000000d5800000)
  from space 512K, 93% used [0x00000000d5880000,0x00000000d58f8040,0x00000000d5900000)
  to   space 1024K, 0% used [0x00000000d5900000,0x00000000d5900000,0x00000000d5a00000)
 ParOldGen       total 417280K, used 416949K [0x0000000080000000, 0x0000000099780000, 0x00000000d5580000)
  object space 417280K, 99% used [0x0000000080000000,0x000000009972d710,0x0000000099780000)
 Metaspace       used 70290K, committed 71744K, reserved 1114112K
  class space    used 7568K, committed 8192K, reserved 1048576K
}
Event: 44793.152 GC heap after
{Heap after GC invocations=255 (full 3):
 PSYoungGen      total 3584K, used 560K [0x00000000d5580000, 0x00000000d5a00000, 0x0000000100000000)
  eden space 2560K, 0% used [0x00000000d5580000,0x00000000d5580000,0x00000000d5800000)
  from space 1024K, 54% used [0x00000000d5900000,0x00000000d598c010,0x00000000d5a00000)
  to   space 1024K, 0% used [0x00000000d5800000,0x00000000d5800000,0x00000000d5900000)
 ParOldGen       total 417280K, used 417193K [0x0000000080000000, 0x0000000099780000, 0x00000000d5580000)
  object space 417280K, 99% used [0x0000000080000000,0x000000009976a420,0x0000000099780000)
 Metaspace       used 70290K, committed 71744K, reserved 1114112K
  class space    used 7568K, committed 8192K, reserved 1048576K
}
Event: 44794.501 GC heap before
{Heap before GC invocations=256 (full 3):
 PSYoungGen      total 3584K, used 3120K [0x00000000d5580000, 0x00000000d5a00000, 0x0000000100000000)
  eden space 2560K, 100% used [0x00000000d5580000,0x00000000d5800000,0x00000000d5800000)
  from space 1024K, 54% used [0x00000000d5900000,0x00000000d598c010,0x00000000d5a00000)
  to   space 1024K, 0% used [0x00000000d5800000,0x00000000d5800000,0x00000000d5900000)
 ParOldGen       total 417280K, used 417193K [0x0000000080000000, 0x0000000099780000, 0x00000000d5580000)
  object space 417280K, 99% used [0x0000000080000000,0x000000009976a420,0x0000000099780000)
 Metaspace       used 70443K, committed 71936K, reserved 1114112K
  class space    used 7591K, committed 8256K, reserved 1048576K
}
Event: 44794.504 GC heap after
{Heap after GC invocations=256 (full 3):
 PSYoungGen      total 3584K, used 480K [0x00000000d5580000, 0x00000000d5980000, 0x0000000100000000)
  eden space 2560K, 0% used [0x00000000d5580000,0x00000000d5580000,0x00000000d5800000)
  from space 1024K, 46% used [0x00000000d5800000,0x00000000d5878000,0x00000000d5900000)
  to   space 512K, 0% used [0x00000000d5900000,0x00000000d5900000,0x00000000d5980000)
 ParOldGen       total 417280K, used 417249K [0x0000000080000000, 0x0000000099780000, 0x00000000d5580000)
  object space 417280K, 99% used [0x0000000080000000,0x0000000099778420,0x0000000099780000)
 Metaspace       used 70443K, committed 71936K, reserved 1114112K
  class space    used 7591K, committed 8256K, reserved 1048576K
}

Dll operation events (14 events):
Event: 0.011 Loaded shared library c:\Users\aliak\.vscode\extensions\redhat.java-1.50.0-win32-x64\jre\21.0.9-win32-x86_64\bin\java.dll
Event: 0.098 Loaded shared library c:\Users\aliak\.vscode\extensions\redhat.java-1.50.0-win32-x64\jre\21.0.9-win32-x86_64\bin\zip.dll
Event: 0.133 Loaded shared library C:\Users\aliak\.vscode\extensions\redhat.java-1.50.0-win32-x64\jre\21.0.9-win32-x86_64\bin\instrument.dll
Event: 0.141 Loaded shared library C:\Users\aliak\.vscode\extensions\redhat.java-1.50.0-win32-x64\jre\21.0.9-win32-x86_64\bin\net.dll
Event: 0.145 Loaded shared library C:\Users\aliak\.vscode\extensions\redhat.java-1.50.0-win32-x64\jre\21.0.9-win32-x86_64\bin\nio.dll
Event: 0.149 Loaded shared library C:\Users\aliak\.vscode\extensions\redhat.java-1.50.0-win32-x64\jre\21.0.9-win32-x86_64\bin\zip.dll
Event: 0.172 Loaded shared library C:\Users\aliak\.vscode\extensions\redhat.java-1.50.0-win32-x64\jre\21.0.9-win32-x86_64\bin\jimage.dll
Event: 0.269 Loaded shared library c:\Users\aliak\.vscode\extensions\redhat.java-1.50.0-win32-x64\jre\21.0.9-win32-x86_64\bin\verify.dll
Event: 1.840 Loaded shared library C:\Users\aliak\AppData\Roaming\Code\User\globalStorage\redhat.java\1.50.0\config_win\org.eclipse.equinox.launcher\org.eclipse.equinox.launcher.win32.win32.x86_64_1.2.1400.v20250801-0854\eclipse_11916.dll
Event: 3.522 Loaded shared library C:\Users\aliak\.vscode\extensions\redhat.java-1.50.0-win32-x64\jre\21.0.9-win32-x86_64\bin\management.dll
Event: 3.525 Loaded shared library C:\Users\aliak\.vscode\extensions\redhat.java-1.50.0-win32-x64\jre\21.0.9-win32-x86_64\bin\management_ext.dll
Event: 5.566 Loaded shared library C:\Users\aliak\AppData\Local\Temp\jna-92902984\jna9194018437876763155.dll
Event: 5.760 Loaded shared library C:\Users\aliak\.vscode\extensions\redhat.java-1.50.0-win32-x64\jre\21.0.9-win32-x86_64\bin\sunmscapi.dll
Event: 6.449 Loaded shared library C:\Users\aliak\.vscode\extensions\redhat.java-1.50.0-win32-x64\jre\21.0.9-win32-x86_64\bin\extnet.dll

Deoptimization events (20 events):
Event: 44793.199 Thread 0x00000237e63bb760 Uncommon trap: trap_request=0xffffffde fr.pc=0x00000237d359c4dc relative=0x00000000000002fc
Event: 44793.199 Thread 0x00000237e63bb760 Uncommon trap: reason=class_check action=maybe_recompile pc=0x00000237d359c4dc method=org.eclipse.jdt.internal.compiler.parser.Scanner.getNextToken()Lorg/eclipse/jdt/internal/compiler/parser/TerminalToken; @ 52 c2
Event: 44793.199 Thread 0x00000237e63bb760 DEOPT PACKING pc=0x00000237d359c4dc sp=0x00000083502fe730
Event: 44793.199 Thread 0x00000237e63bb760 DEOPT UNPACKING pc=0x00000237d28e3aa2 sp=0x00000083502fe6d0 mode 2
Event: 44793.199 Thread 0x00000237e63bb760 Uncommon trap: trap_request=0xffffffde fr.pc=0x00000237d359c4dc relative=0x00000000000002fc
Event: 44793.199 Thread 0x00000237e63bb760 Uncommon trap: reason=class_check action=maybe_recompile pc=0x00000237d359c4dc method=org.eclipse.jdt.internal.compiler.parser.Scanner.getNextToken()Lorg/eclipse/jdt/internal/compiler/parser/TerminalToken; @ 52 c2
Event: 44793.199 Thread 0x00000237e63bb760 DEOPT PACKING pc=0x00000237d359c4dc sp=0x00000083502fe730
Event: 44793.199 Thread 0x00000237e63bb760 DEOPT UNPACKING pc=0x00000237d28e3aa2 sp=0x00000083502fe6d0 mode 2
Event: 44793.208 Thread 0x00000237e63bb760 Uncommon trap: trap_request=0xffffffde fr.pc=0x00000237d359f3cc relative=0x000000000000048c
Event: 44793.208 Thread 0x00000237e63bb760 Uncommon trap: reason=class_check action=maybe_recompile pc=0x00000237d359f3cc method=org.eclipse.jdt.internal.compiler.parser.Parser.consumeToken(Lorg/eclipse/jdt/internal/compiler/parser/TerminalToken;)V @ 1601 c2
Event: 44793.208 Thread 0x00000237e63bb760 DEOPT PACKING pc=0x00000237d359f3cc sp=0x00000083502fe710
Event: 44793.208 Thread 0x00000237e63bb760 DEOPT UNPACKING pc=0x00000237d28e3aa2 sp=0x00000083502fe6a0 mode 2
Event: 44793.209 Thread 0x00000237e63bb760 Uncommon trap: trap_request=0xffffffde fr.pc=0x00000237d359f7d4 relative=0x0000000000000894
Event: 44793.209 Thread 0x00000237e63bb760 Uncommon trap: reason=class_check action=maybe_recompile pc=0x00000237d359f7d4 method=org.eclipse.jdt.internal.compiler.parser.Parser.consumeToken(Lorg/eclipse/jdt/internal/compiler/parser/TerminalToken;)V @ 1306 c2
Event: 44793.209 Thread 0x00000237e63bb760 DEOPT PACKING pc=0x00000237d359f7d4 sp=0x00000083502fe710
Event: 44793.209 Thread 0x00000237e63bb760 DEOPT UNPACKING pc=0x00000237d28e3aa2 sp=0x00000083502fe6a0 mode 2
Event: 44793.209 Thread 0x00000237e63bb760 Uncommon trap: trap_request=0xffffffde fr.pc=0x00000237d359f3cc relative=0x000000000000048c
Event: 44793.209 Thread 0x00000237e63bb760 Uncommon trap: reason=class_check action=maybe_recompile pc=0x00000237d359f3cc method=org.eclipse.jdt.internal.compiler.parser.Parser.consumeToken(Lorg/eclipse/jdt/internal/compiler/parser/TerminalToken;)V @ 1601 c2
Event: 44793.209 Thread 0x00000237e63bb760 DEOPT PACKING pc=0x00000237d359f3cc sp=0x00000083502fe710
Event: 44793.209 Thread 0x00000237e63bb760 DEOPT UNPACKING pc=0x00000237d28e3aa2 sp=0x00000083502fe6a0 mode 2

Classes loaded (20 events):
Event: 11.488 Loading class java/util/stream/ReferencePipeline$4$1
Event: 11.488 Loading class java/util/stream/ReferencePipeline$4$1 done
Event: 11.614 Loading class java/util/concurrent/ConcurrentHashMap$KeySpliterator
Event: 11.614 Loading class java/util/concurrent/ConcurrentHashMap$KeySpliterator done
Event: 11.691 Loading class java/util/concurrent/CompletableFuture$UniApply
Event: 11.692 Loading class java/util/concurrent/CompletableFuture$UniApply done
Event: 11.693 Loading class java/util/concurrent/CompletableFuture$UniExceptionally
Event: 11.693 Loading class java/util/concurrent/CompletableFuture$UniExceptionally done
Event: 12.127 Loading class sun/security/ssl/Alert
Event: 12.127 Loading class sun/security/ssl/Alert done
Event: 12.128 Loading class sun/security/ssl/Alert$AlertConsumer
Event: 12.128 Loading class sun/security/ssl/Alert$AlertConsumer done
Event: 12.128 Loading class sun/security/ssl/Alert$Level
Event: 12.128 Loading class sun/security/ssl/Alert$Level done
Event: 16.788 Loading class java/util/LinkedList$LLSpliterator
Event: 16.788 Loading class java/util/LinkedList$LLSpliterator done
Event: 16.802 Loading class javax/xml/transform/TransformerConfigurationException
Event: 16.802 Loading class javax/xml/transform/TransformerConfigurationException done
Event: 16.934 Loading class jdk/internal/ref/CleanerImpl$InnocuousThreadFactory
Event: 16.935 Loading class jdk/internal/ref/CleanerImpl$InnocuousThreadFactory done

Classes unloaded (7 events):
Event: 4.403 Thread 0x00000237c5c30a00 Unloading class 0x00000237811ad400 'java/lang/invoke/LambdaForm$MH+0x00000237811ad400'
Event: 4.403 Thread 0x00000237c5c30a00 Unloading class 0x00000237811ad000 'java/lang/invoke/LambdaForm$MH+0x00000237811ad000'
Event: 4.404 Thread 0x00000237c5c30a00 Unloading class 0x00000237811acc00 'java/lang/invoke/LambdaForm$MH+0x00000237811acc00'
Event: 4.404 Thread 0x00000237c5c30a00 Unloading class 0x00000237811ac800 'java/lang/invoke/LambdaForm$MH+0x00000237811ac800'
Event: 4.404 Thread 0x00000237c5c30a00 Unloading class 0x00000237811ac400 'java/lang/invoke/LambdaForm$BMH+0x00000237811ac400'
Event: 4.404 Thread 0x00000237c5c30a00 Unloading class 0x00000237811ac000 'java/lang/invoke/LambdaForm$DMH+0x00000237811ac000'
Event: 4.404 Thread 0x00000237c5c30a00 Unloading class 0x00000237811aac00 'java/lang/invoke/LambdaForm$DMH+0x00000237811aac00'

Classes redefined (0 events):
No events

Internal exceptions (20 events):
Event: 16.708 Thread 0x00000237e56dbc70 Exception <a 'sun/nio/fs/WindowsException'{0x00000000d57e13f0}> (0x00000000d57e13f0) 
thrown [s\src\hotspot\share\prims\jni.cpp, line 520]
Event: 16.720 Thread 0x00000237e762d5c0 Exception <a 'java/lang/IncompatibleClassChangeError'{0x00000000d5a20398}: Found class java.lang.Object, but interface was expected> (0x00000000d5a20398) 
thrown [s\src\hotspot\share\interpreter\linkResolver.cpp, line 840]
Event: 16.738 Thread 0x00000237e63bb760 Exception <a 'sun/nio/fs/WindowsException'{0x00000000d580eed8}> (0x00000000d580eed8) 
thrown [s\src\hotspot\share\prims\jni.cpp, line 520]
Event: 16.738 Thread 0x00000237e63bb760 Exception <a 'sun/nio/fs/WindowsException'{0x00000000d580f7b8}> (0x00000000d580f7b8) 
thrown [s\src\hotspot\share\prims\jni.cpp, line 520]
Event: 16.741 Thread 0x00000237e63bb760 Exception <a 'sun/nio/fs/WindowsException'{0x00000000d590c080}> (0x00000000d590c080) 
thrown [s\src\hotspot\share\prims\jni.cpp, line 520]
Event: 16.741 Thread 0x00000237e63bb760 Exception <a 'sun/nio/fs/WindowsException'{0x00000000d590c960}> (0x00000000d590c960) 
thrown [s\src\hotspot\share\prims\jni.cpp, line 520]
Event: 16.741 Thread 0x00000237e63bb760 Exception <a 'sun/nio/fs/WindowsException'{0x00000000d590df80}> (0x00000000d590df80) 
thrown [s\src\hotspot\share\prims\jni.cpp, line 520]
Event: 16.742 Thread 0x00000237e63bb760 Exception <a 'sun/nio/fs/WindowsException'{0x00000000d590e860}> (0x00000000d590e860) 
thrown [s\src\hotspot\share\prims\jni.cpp, line 520]
Event: 16.742 Thread 0x00000237e63bb760 Exception <a 'sun/nio/fs/WindowsException'{0x00000000d590f750}> (0x00000000d590f750) 
thrown [s\src\hotspot\share\prims\jni.cpp, line 520]
Event: 16.742 Thread 0x00000237e63bb760 Exception <a 'sun/nio/fs/WindowsException'{0x00000000d590fd80}> (0x00000000d590fd80) 
thrown [s\src\hotspot\share\prims\jni.cpp, line 520]
Event: 16.772 Thread 0x00000237e63bb760 Implicit null exception at 0x00000237d2fc8106 to 0x00000237d2fc81fc
Event: 16.772 Thread 0x00000237e63bb760 Implicit null exception at 0x00000237d30cc5dd to 0x00000237d30cc6d1
Event: 16.777 Thread 0x00000237e63b9000 Exception <a 'java/lang/NoSuchMethodError'{0x00000000d55c78b0}: 'java.lang.Object java.lang.invoke.DirectMethodHandle$Holder.invokeStaticInit(java.lang.Object, java.lang.Object, java.lang.Object)'> (0x00000000d55c78b0) 
thrown [s\src\hotspot\share\interpreter\linkResolver.cpp, line 773]
Event: 16.849 Thread 0x00000237e63bc480 Implicit null exception at 0x00000237d33c7263 to 0x00000237d33c78a8
Event: 82.280 Thread 0x00000237e762d5c0 Exception <a 'java/lang/IncompatibleClassChangeError'{0x00000000d5782f00}: Found class java.lang.Object, but interface was expected> (0x00000000d5782f00) 
thrown [s\src\hotspot\share\interpreter\linkResolver.cpp, line 840]
Event: 96.308 Thread 0x00000237e762d5c0 Exception <a 'java/lang/IncompatibleClassChangeError'{0x00000000d5621a60}: Found class java.lang.Object, but interface was expected> (0x00000000d5621a60) 
thrown [s\src\hotspot\share\interpreter\linkResolver.cpp, line 840]
Event: 96.330 Thread 0x00000237e63bbdf0 Exception <a 'java/lang/NoSuchMethodError'{0x00000000d568c650}: 'java.lang.Object java.lang.invoke.DirectMethodHandle$Holder.invokeSpecial(java.lang.Object, java.lang.Object, java.lang.Object, java.lang.Object, int, java.lang.Object, java.lang.Object)'> (0x00000000d568c650) 
thrown [s\src\hotspot\share\interpreter\linkResolver.cpp, line 773]
Event: 96.330 Thread 0x00000237e63bb760 Exception <a 'java/lang/NoSuchMethodError'{0x00000000d57096b8}: 'java.lang.Object java.lang.invoke.DirectMethodHandle$Holder.invokeSpecial(java.lang.Object, java.lang.Object, java.lang.Object, java.lang.Object, int, java.lang.Object, java.lang.Object)'> (0x00000000d57096b8) 
thrown [s\src\hotspot\share\interpreter\linkResolver.cpp, line 773]
Event: 44792.535 Thread 0x00000237e762d5c0 Implicit null exception at 0x00000237d2f26b46 to 0x00000237d2f26b8f
Event: 44792.678 Thread 0x00000237e762d5c0 Exception <a 'java/lang/IncompatibleClassChangeError'{0x00000000d5585f78}: Found class java.lang.Object, but interface was expected> (0x00000000d5585f78) 
thrown [s\src\hotspot\share\interpreter\linkResolver.cpp, line 840]

ZGC Phase Switch (0 events):
No events

VM Operations (20 events):
Event: 44820.953 Executing VM operation: HandshakeAllThreads (HandshakeForDeflation)
Event: 44820.953 Executing VM operation: HandshakeAllThreads (HandshakeForDeflation) done
Event: 44820.956 Executing VM operation: RendezvousGCThreads
Event: 44820.956 Executing VM operation: RendezvousGCThreads done
Event: 46016.969 Executing VM operation: HandshakeAllThreads (HandshakeForDeflation)
Event: 46016.973 Executing VM operation: HandshakeAllThreads (HandshakeForDeflation) done
Event: 46016.973 Executing VM operation: RendezvousGCThreads
Event: 46016.973 Executing VM operation: RendezvousGCThreads done
Event: 46197.402 Executing VM operation: HandshakeAllThreads (HandshakeForDeflation)
Event: 46197.402 Executing VM operation: HandshakeAllThreads (HandshakeForDeflation) done
Event: 46197.402 Executing VM operation: RendezvousGCThreads
Event: 46197.402 Executing VM operation: RendezvousGCThreads done
Event: 46257.539 Executing VM operation: HandshakeAllThreads (HandshakeForDeflation)
Event: 46257.539 Executing VM operation: HandshakeAllThreads (HandshakeForDeflation) done
Event: 46257.540 Executing VM operation: RendezvousGCThreads
Event: 46257.540 Executing VM operation: RendezvousGCThreads done
Event: 46317.909 Executing VM operation: HandshakeAllThreads (HandshakeForDeflation)
Event: 46317.910 Executing VM operation: HandshakeAllThreads (HandshakeForDeflation) done
Event: 46317.910 Executing VM operation: RendezvousGCThreads
Event: 46317.910 Executing VM operation: RendezvousGCThreads done

Memory protections (0 events):
No events

Nmethod flushes (20 events):
Event: 11.030 Thread 0x00000237c5c30a00 flushing  nmethod 0x00000237cbb15b10
Event: 11.030 Thread 0x00000237c5c30a00 flushing  nmethod 0x00000237cbb34810
Event: 11.030 Thread 0x00000237c5c30a00 flushing  nmethod 0x00000237cbb39010
Event: 11.030 Thread 0x00000237c5c30a00 flushing  nmethod 0x00000237cbb42210
Event: 11.030 Thread 0x00000237c5c30a00 flushing  nmethod 0x00000237cbb47690
Event: 11.030 Thread 0x00000237c5c30a00 flushing  nmethod 0x00000237cbb47e10
Event: 11.030 Thread 0x00000237c5c30a00 flushing  nmethod 0x00000237cbb48290
Event: 11.030 Thread 0x00000237c5c30a00 flushing  nmethod 0x00000237cbb4cd90
Event: 11.030 Thread 0x00000237c5c30a00 flushing  nmethod 0x00000237cbb59a10
Event: 11.030 Thread 0x00000237c5c30a00 flushing  nmethod 0x00000237cbb66d10
Event: 11.030 Thread 0x00000237c5c30a00 flushing  nmethod 0x00000237cbb67c10
Event: 11.030 Thread 0x00000237c5c30a00 flushing  nmethod 0x00000237cbb91010
Event: 11.030 Thread 0x00000237c5c30a00 flushing  nmethod 0x00000237cbba2090
Event: 11.030 Thread 0x00000237c5c30a00 flushing  nmethod 0x00000237cbbd1810
Event: 11.030 Thread 0x00000237c5c30a00 flushing  nmethod 0x00000237cbbedb10
Event: 11.030 Thread 0x00000237c5c30a00 flushing  nmethod 0x00000237cbc18310
Event: 11.030 Thread 0x00000237c5c30a00 flushing  nmethod 0x00000237cbc18990
Event: 11.030 Thread 0x00000237c5c30a00 flushing  nmethod 0x00000237cbc18d10
Event: 11.030 Thread 0x00000237c5c30a00 flushing  nmethod 0x00000237cbc19090
Event: 11.030 Thread 0x00000237c5c30a00 flushing  nmethod 0x00000237cbc1a190

Events (20 events):
Event: 44792.615 Thread 0x00000237e63b9000 Thread added: 0x00000237e63bb0d0
Event: 44792.617 Thread 0x00000237e762d5c0 Thread added: 0x00000237e63bd1a0
Event: 44792.623 Thread 0x00000237e762d5c0 Thread added: 0x00000237e63b9d20
Event: 44792.624 Thread 0x00000237e63b9d20 Thread added: 0x00000237e63bb760
Event: 44792.696 Thread 0x00000237c821d750 Thread added: 0x00000237f2a70e90
Event: 44793.068 Thread 0x00000237e63bc480 Thread added: 0x00000237e63bebe0
Event: 44793.068 Thread 0x00000237e5a065f0 Thread exited: 0x00000237e5a065f0
Event: 44793.068 Thread 0x00000237f2a70e90 Thread exited: 0x00000237f2a70e90
Event: 44793.133 Thread 0x00000237c821d750 Thread added: 0x00000237f2a70e90
Event: 44793.443 Thread 0x00000237f2a70e90 Thread exited: 0x00000237f2a70e90
Event: 44793.464 Thread 0x00000237c821d750 Thread added: 0x00000237f2a70e90
Event: 44794.495 Thread 0x00000237f2a70e90 Thread exited: 0x00000237f2a70e90
Event: 44853.073 Thread 0x00000237e63bebe0 Thread exited: 0x00000237e63bebe0
Event: 44931.917 Thread 0x00000237e63bd1a0 Thread exited: 0x00000237e63bd1a0
Event: 44991.902 Thread 0x00000237e63bb760 Thread exited: 0x00000237e63bb760
Event: 45051.916 Thread 0x00000237e63b9000 Thread exited: 0x00000237e63b9000
Event: 45925.326 Thread 0x00000237e63bb0d0 Thread exited: 0x00000237e63bb0d0
Event: 45985.311 Thread 0x00000237e63b9d20 Thread exited: 0x00000237e63b9d20
Event: 46045.319 Thread 0x00000237e63bcb10 Thread exited: 0x00000237e63bcb10
Event: 46105.328 Thread 0x00000237e63ba3b0 Thread exited: 0x00000237e63ba3b0


Dynamic libraries:
0x00007ff7f65b0000 - 0x00007ff7f65be000 	c:\Users\aliak\.vscode\extensions\redhat.java-1.50.0-win32-x64\jre\21.0.9-win32-x86_64\bin\java.exe
0x00007ffbcc7a0000 - 0x00007ffbcca08000 	C:\WINDOWS\SYSTEM32\ntdll.dll
0x00007ffbca9e0000 - 0x00007ffbcaaa9000 	C:\WINDOWS\System32\KERNEL32.DLL
0x00007ffbc9e30000 - 0x00007ffbca228000 	C:\WINDOWS\System32\KERNELBASE.dll
0x00007ffbc9a80000 - 0x00007ffbc9bcb000 	C:\WINDOWS\System32\ucrtbase.dll
0x00007ffbbea60000 - 0x00007ffbbea7e000 	c:\Users\aliak\.vscode\extensions\redhat.java-1.50.0-win32-x64\jre\21.0.9-win32-x86_64\bin\VCRUNTIME140.dll
0x00007ffbbea80000 - 0x00007ffbbea98000 	c:\Users\aliak\.vscode\extensions\redhat.java-1.50.0-win32-x64\jre\21.0.9-win32-x86_64\bin\jli.dll
0x00007ffbcaff0000 - 0x00007ffbcb1b7000 	C:\WINDOWS\System32\USER32.dll
0x00007ffbc9d50000 - 0x00007ffbc9d77000 	C:\WINDOWS\System32\win32u.dll
0x00007ffbb98f0000 - 0x00007ffbb9b84000 	C:\WINDOWS\WinSxS\amd64_microsoft.windows.common-controls_6595b64144ccf1df_6.0.26100.7019_none_3e06ffa0e335b8a8\COMCTL32.dll
0x00007ffbcad90000 - 0x00007ffbcadbb000 	C:\WINDOWS\System32\GDI32.dll
0x00007ffbcb9b0000 - 0x00007ffbcba59000 	C:\WINDOWS\System32\msvcrt.dll
0x00007ffbc98c0000 - 0x00007ffbc99ec000 	C:\WINDOWS\System32\gdi32full.dll
0x00007ffbca230000 - 0x00007ffbca2d3000 	C:\WINDOWS\System32\msvcp_win.dll
0x00007ffbcbc10000 - 0x00007ffbcbc41000 	C:\WINDOWS\System32\IMM32.DLL
0x00007ffbb9850000 - 0x00007ffbb985c000 	c:\Users\aliak\.vscode\extensions\redhat.java-1.50.0-win32-x64\jre\21.0.9-win32-x86_64\bin\vcruntime140_1.dll
0x00007ffb80c10000 - 0x00007ffb80c9d000 	c:\Users\aliak\.vscode\extensions\redhat.java-1.50.0-win32-x64\jre\21.0.9-win32-x86_64\bin\msvcp140.dll
0x00007ffb1f6c0000 - 0x00007ffb20460000 	c:\Users\aliak\.vscode\extensions\redhat.java-1.50.0-win32-x64\jre\21.0.9-win32-x86_64\bin\server\jvm.dll
0x00007ffbca590000 - 0x00007ffbca644000 	C:\WINDOWS\System32\ADVAPI32.dll
0x00007ffbcace0000 - 0x00007ffbcad86000 	C:\WINDOWS\System32\sechost.dll
0x00007ffbcaed0000 - 0x00007ffbcafe8000 	C:\WINDOWS\System32\RPCRT4.dll
0x00007ffbca510000 - 0x00007ffbca584000 	C:\WINDOWS\System32\WS2_32.dll
0x00007ffbbd5f0000 - 0x00007ffbbd5fb000 	C:\WINDOWS\SYSTEM32\VERSION.dll
0x00007ffbc9740000 - 0x00007ffbc979e000 	C:\WINDOWS\SYSTEM32\POWRPROF.dll
0x00007ffbb9cc0000 - 0x00007ffbb9cf5000 	C:\WINDOWS\SYSTEM32\WINMM.dll
0x00007ffbc9720000 - 0x00007ffbc9734000 	C:\WINDOWS\SYSTEM32\UMPDC.dll
0x00007ffbc85e0000 - 0x00007ffbc85fb000 	C:\WINDOWS\SYSTEM32\kernel.appcore.dll
0x00007ffbb9840000 - 0x00007ffbb984a000 	c:\Users\aliak\.vscode\extensions\redhat.java-1.50.0-win32-x64\jre\21.0.9-win32-x86_64\bin\jimage.dll
0x00007ffbc7070000 - 0x00007ffbc72b2000 	C:\WINDOWS\SYSTEM32\DBGHELP.DLL
0x00007ffbcc3a0000 - 0x00007ffbcc72b000 	C:\WINDOWS\System32\combase.dll
0x00007ffbcadc0000 - 0x00007ffbcae97000 	C:\WINDOWS\System32\OLEAUT32.dll
0x00007ffbba9f0000 - 0x00007ffbbaa2c000 	C:\WINDOWS\SYSTEM32\dbgcore.DLL
0x00007ffbc9d80000 - 0x00007ffbc9e25000 	C:\WINDOWS\System32\bcryptPrimitives.dll
0x00007ffbb9830000 - 0x00007ffbb983f000 	c:\Users\aliak\.vscode\extensions\redhat.java-1.50.0-win32-x64\jre\21.0.9-win32-x86_64\bin\instrument.dll
0x00007ffbb97f0000 - 0x00007ffbb9810000 	c:\Users\aliak\.vscode\extensions\redhat.java-1.50.0-win32-x64\jre\21.0.9-win32-x86_64\bin\java.dll
0x00007ffbcb250000 - 0x00007ffbcb99f000 	C:\WINDOWS\System32\SHELL32.dll
0x00007ffbca3a0000 - 0x00007ffbca50b000 	C:\WINDOWS\System32\wintypes.dll
0x00007ffbc74a0000 - 0x00007ffbc7cfd000 	C:\WINDOWS\SYSTEM32\windows.storage.dll
0x00007ffbca710000 - 0x00007ffbca802000 	C:\WINDOWS\System32\SHCORE.dll
0x00007ffbcc280000 - 0x00007ffbcc2e7000 	C:\WINDOWS\System32\shlwapi.dll
0x00007ffbc97e0000 - 0x00007ffbc9809000 	C:\WINDOWS\SYSTEM32\profapi.dll
0x00007ffbb1b70000 - 0x00007ffbb1b88000 	c:\Users\aliak\.vscode\extensions\redhat.java-1.50.0-win32-x64\jre\21.0.9-win32-x86_64\bin\zip.dll
0x00007ffbb9820000 - 0x00007ffbb9830000 	C:\Users\aliak\.vscode\extensions\redhat.java-1.50.0-win32-x64\jre\21.0.9-win32-x86_64\bin\net.dll
0x00007ffbc0d40000 - 0x00007ffbc0e68000 	C:\WINDOWS\SYSTEM32\WINHTTP.dll
0x00007ffbc8b90000 - 0x00007ffbc8bfb000 	C:\WINDOWS\system32\mswsock.dll
0x00007ffbb1b30000 - 0x00007ffbb1b46000 	C:\Users\aliak\.vscode\extensions\redhat.java-1.50.0-win32-x64\jre\21.0.9-win32-x86_64\bin\nio.dll
0x00007ffbb49f0000 - 0x00007ffbb4a00000 	c:\Users\aliak\.vscode\extensions\redhat.java-1.50.0-win32-x64\jre\21.0.9-win32-x86_64\bin\verify.dll
0x00007ffb8a2e0000 - 0x00007ffb8a324000 	C:\Users\aliak\AppData\Roaming\Code\User\globalStorage\redhat.java\1.50.0\config_win\org.eclipse.equinox.launcher\org.eclipse.equinox.launcher.win32.win32.x86_64_1.2.1400.v20250801-0854\eclipse_11916.dll
0x00007ffbcba60000 - 0x00007ffbcbbf7000 	C:\WINDOWS\System32\ole32.dll
0x00007ffbb3200000 - 0x00007ffbb320a000 	C:\Users\aliak\.vscode\extensions\redhat.java-1.50.0-win32-x64\jre\21.0.9-win32-x86_64\bin\management.dll
0x00007ffbb0950000 - 0x00007ffbb095c000 	C:\Users\aliak\.vscode\extensions\redhat.java-1.50.0-win32-x64\jre\21.0.9-win32-x86_64\bin\management_ext.dll
0x00007ffbcbc00000 - 0x00007ffbcbc08000 	C:\WINDOWS\System32\PSAPI.DLL
0x00007ffbc8f80000 - 0x00007ffbc8f9b000 	C:\WINDOWS\SYSTEM32\CRYPTSP.dll
0x00007ffbc85a0000 - 0x00007ffbc85da000 	C:\WINDOWS\system32\rsaenh.dll
0x00007ffbc8c40000 - 0x00007ffbc8c6b000 	C:\WINDOWS\SYSTEM32\USERENV.dll
0x00007ffbc97b0000 - 0x00007ffbc97da000 	C:\WINDOWS\SYSTEM32\bcrypt.dll
0x00007ffbc8de0000 - 0x00007ffbc8dec000 	C:\WINDOWS\SYSTEM32\CRYPTBASE.dll
0x00007ffbc80e0000 - 0x00007ffbc8114000 	C:\WINDOWS\SYSTEM32\IPHLPAPI.DLL
0x00007ffbcc310000 - 0x00007ffbcc31a000 	C:\WINDOWS\System32\NSI.dll
0x00007ffb810e0000 - 0x00007ffb81129000 	C:\Users\aliak\AppData\Local\Temp\jna-92902984\jna9194018437876763155.dll
0x00007ffbc1220000 - 0x00007ffbc123e000 	C:\WINDOWS\SYSTEM32\dhcpcsvc6.DLL
0x00007ffbc11a0000 - 0x00007ffbc11c3000 	C:\WINDOWS\SYSTEM32\dhcpcsvc.DLL
0x00007ffbb9530000 - 0x00007ffbb953e000 	C:\Users\aliak\.vscode\extensions\redhat.java-1.50.0-win32-x64\jre\21.0.9-win32-x86_64\bin\sunmscapi.dll
0x00007ffbc9bd0000 - 0x00007ffbc9d47000 	C:\WINDOWS\System32\CRYPT32.dll
0x00007ffbc90d0000 - 0x00007ffbc9100000 	C:\WINDOWS\SYSTEM32\ncrypt.dll
0x00007ffbc9080000 - 0x00007ffbc90bf000 	C:\WINDOWS\SYSTEM32\NTASN1.dll
0x00007ffbc81c0000 - 0x00007ffbc82ec000 	C:\WINDOWS\SYSTEM32\DNSAPI.dll
0x00007ffbbfc70000 - 0x00007ffbbfc7b000 	C:\Windows\System32\rasadhlp.dll
0x00007ffbc3a60000 - 0x00007ffbc3ae6000 	C:\WINDOWS\System32\fwpuclnt.dll
0x00007ffbb0940000 - 0x00007ffbb0949000 	C:\Users\aliak\.vscode\extensions\redhat.java-1.50.0-win32-x64\jre\21.0.9-win32-x86_64\bin\extnet.dll

JVMTI agents:
c:\Users\aliak\.vscode\extensions\redhat.java-1.50.0-win32-x64\lombok\lombok-1.18.39-4050.jar path:c:\Users\aliak\.vscode\extensions\redhat.java-1.50.0-win32-x64\jre\21.0.9-win32-x86_64\bin\instrument.dll, loaded, initialized, instrumentlib options:none

dbghelp: loaded successfully - version: 4.0.5 - missing functions: none
symbol engine: initialized successfully - sym options: 0x614 - pdb path: .;c:\Users\aliak\.vscode\extensions\redhat.java-1.50.0-win32-x64\jre\21.0.9-win32-x86_64\bin;C:\WINDOWS\SYSTEM32;C:\WINDOWS\WinSxS\amd64_microsoft.windows.common-controls_6595b64144ccf1df_6.0.26100.7019_none_3e06ffa0e335b8a8;c:\Users\aliak\.vscode\extensions\redhat.java-1.50.0-win32-x64\jre\21.0.9-win32-x86_64\bin\server;C:\Users\aliak\AppData\Roaming\Code\User\globalStorage\redhat.java\1.50.0\config_win\org.eclipse.equinox.launcher\org.eclipse.equinox.launcher.win32.win32.x86_64_1.2.1400.v20250801-0854;C:\Users\aliak\AppData\Local\Temp\jna-92902984

VM Arguments:
jvm_args: --add-modules=ALL-SYSTEM --add-opens=java.base/java.util=ALL-UNNAMED --add-opens=java.base/java.lang=ALL-UNNAMED --add-opens=java.base/sun.nio.fs=ALL-UNNAMED -Declipse.application=org.eclipse.jdt.ls.core.id1 -Dosgi.bundles.defaultStartLevel=4 -Declipse.product=org.eclipse.jdt.ls.core.product -Djava.import.generatesMetadataFilesAtProjectRoot=false -DDetectVMInstallationsJob.disabled=true -Dfile.encoding=utf8 -XX:+UseParallelGC -XX:GCTimeRatio=4 -XX:AdaptiveSizePolicyWeight=90 -Dsun.zip.disableMemoryMapping=true -Xmx2G -Xms100m -Xlog:disable -javaagent:c:\Users\aliak\.vscode\extensions\redhat.java-1.50.0-win32-x64\lombok\lombok-1.18.39-4050.jar -XX:+HeapDumpOnOutOfMemoryError -XX:HeapDumpPath=c:\Users\aliak\AppData\Roaming\Code\User\workspaceStorage\2a5bf231000b155b76acf6028f20ce15\redhat.java -Daether.dependencyCollector.impl=bf 
java_command: c:\Users\aliak\.vscode\extensions\redhat.java-1.50.0-win32-x64\server\plugins\org.eclipse.equinox.launcher_1.7.100.v20251111-0406.jar -configuration c:\Users\aliak\AppData\Roaming\Code\User\globalStorage\redhat.java\1.50.0\config_win -data c:\Users\aliak\AppData\Roaming\Code\User\workspaceStorage\2a5bf231000b155b76acf6028f20ce15\redhat.java\jdt_ws --pipe=\\.\pipe\lsp-4049e69c7025df7c53c4268d0878eaa7-sock
java_class_path (initial): c:\Users\aliak\.vscode\extensions\redhat.java-1.50.0-win32-x64\server\plugins\org.eclipse.equinox.launcher_1.7.100.v20251111-0406.jar
Launcher Type: SUN_STANDARD

[Global flags]
    uintx AdaptiveSizePolicyWeight                 = 90                                        {product} {command line}
     intx CICompilerCount                          = 4                                         {product} {ergonomic}
    uintx GCTimeRatio                              = 4                                         {product} {command line}
     bool HeapDumpOnOutOfMemoryError               = true                                   {manageable} {command line}
    ccstr HeapDumpPath                             = c:\Users\aliak\AppData\Roaming\Code\User\workspaceStorage\2a5bf231000b155b76acf6028f20ce15\redhat.java         {manageable} {command line}
   size_t InitialHeapSize                          = 104857600                                 {product} {command line}
   size_t MaxHeapSize                              = 2147483648                                {product} {command line}
   size_t MaxNewSize                               = 715653120                                 {product} {ergonomic}
   size_t MinHeapDeltaBytes                        = 524288                                    {product} {ergonomic}
   size_t MinHeapSize                              = 104857600                                 {product} {command line}
   size_t NewSize                                  = 34603008                                  {product} {ergonomic}
    uintx NonNMethodCodeHeapSize                   = 5839372                                {pd product} {ergonomic}
    uintx NonProfiledCodeHeapSize                  = 122909434                              {pd product} {ergonomic}
   size_t OldSize                                  = 70254592                                  {product} {ergonomic}
    uintx ProfiledCodeHeapSize                     = 122909434                              {pd product} {ergonomic}
    uintx ReservedCodeCacheSize                    = 251658240                              {pd product} {ergonomic}
     bool SegmentedCodeCache                       = true                                      {product} {ergonomic}
   size_t SoftMaxHeapSize                          = 2147483648                             {manageable} {ergonomic}
     bool UseCompressedOops                        = true                           {product lp64_product} {ergonomic}
     bool UseLargePagesIndividualAllocation        = false                                  {pd product} {ergonomic}
     bool UseParallelGC                            = true                                      {product} {command line}

Logging:
Log output configuration:
 #0: stdout all=off uptime,level,tags foldmultilines=false
 #1: stderr all=off uptime,level,tags foldmultilines=false

Release file:
JAVA_VERSION="21.0.9" 
MODULES="java.base java.compiler java.datatransfer java.xml java.prefs java.desktop java.instrument java.logging java.management java.security.sasl java.naming java.rmi java.management.rmi java.net.http java.scripting java.security.jgss java.transaction.xa java.sql java.sql.rowset java.xml.crypto java.se java.smartcardio jdk.accessibility jdk.internal.jvmstat jdk.attach jdk.charsets jdk.internal.opt jdk.zipfs jdk.compiler jdk.crypto.ec jdk.crypto.cryptoki jdk.crypto.mscapi jdk.dynalink jdk.internal.ed jdk.editpad jdk.hotspot.agent jdk.httpserver jdk.internal.le jdk.internal.vm.ci jdk.internal.vm.compiler jdk.internal.vm.compiler.management jdk.jartool jdk.javadoc jdk.jcmd jdk.management jdk.management.agent jdk.jconsole jdk.jdeps jdk.jdwp.agent jdk.jdi jdk.jfr jdk.jshell jdk.jsobject jdk.jstatd jdk.localedata jdk.management.jfr jdk.naming.dns jdk.naming.rmi jdk.net jdk.nio.mapmode jdk.random jdk.sctp jdk.security.auth jdk.security.jgss jdk.unsupported jdk.unsupported.desktop jdk.xml.dom" 

Environment Variables:
PATH=C:\Program Files\OpenText\NV\lib\shunra\vcat;C:\Python313\Scripts\;C:\Python313\;C:\Users\aliak\Downloads\Git\cmd;C:\Program Files\Common Files\Oracle\Java\javapath;C:\WINDOWS\system32;C:\WINDOWS;C:\WINDOWS\System32\Wbem;C:\WINDOWS\System32\WindowsPowerShell\v1.0\;C:\WINDOWS\System32\OpenSSH\;C:\msys64\ucrt64\bin;D:\3rd Semester\Git\cmd;C:\Program Files (x86)\Microsoft SQL Server\160\Tools\Binn\;C:\Program Files\Microsoft SQL Server\160\Tools\Binn\;C:\Program Files\Microsoft SQL Server\Client SDK\ODBC\170\Tools\Binn\;C:\Program Files\Microsoft SQL Server\160\DTS\Binn\;C:\Program Files (x86)\Microsoft SQL Server\160\DTS\Binn\;C:\Program Files\Java\jdk-23\bin;C:\ProgramData\chocolatey\bin;D:\FAST CRAP\4th Semester\SDA\project\explore-pakistan\apache-maven-3.9.9-bin\apache-maven-3.9.9\bin;D:\Zaidi Sahab\one;D:\FAST CRAP\3rd Semester\Git\bin;C:\Program Files\Cloudflare\Cloudflare WARP\;C:\Program Files\nodejs\;C:\Program Files\Docker\Docker\resources\bin;C:\Program Files (x86)\Kaspersky Lab\Kaspersky Endpoint Security for Windows\;E:\apache-maven-3.9.10\bin;C:\Program Files\dotnet\;C:\Program Files (x86)\Windows Kits\10\Windows Performance Toolkit\;C:\Users\aliak\scoop\apps\maven\current\bin;C:\Users\aliak\scoop\shims;C:\Users\aliak\AppData\Local\Microsoft\WindowsApps;D:\Microsoft VS Code\bin;C:\msys64\ucrt64\bin;C:\Users\aliak\AppData\Local\GitHubDesktop\bin;C:\Program Files\JetBrains\IntelliJ IDEA Community Edition 2024.3.4.1\bin;;C:\Program Files\JetBrains\IntelliJ IDEA 2024.3.3\bin;;C:\Users\aliak\AppData\Roaming\npm;C:\Users\aliak\.dotnet\tools
USERNAME=aliak
OS=Windows_NT
PROCESSOR_IDENTIFIER=Intel64 Family 6 Model 154 Stepping 3, GenuineIntel
TMP=C:\Users\aliak\AppData\Local\Temp
TEMP=C:\Users\aliak\AppData\Local\Temp




Periodic native trim disabled

---------------  S Y S T E M  ---------------

OS:
 Windows 11 , 64 bit Build 26100 (10.0.26100.7019)
OS uptime: 10 days 20:14 hours
Hyper-V role detected

CPU: total 12 (initial active 12) (6 cores per cpu, 2 threads per core) family 6 model 154 stepping 3 microcode 0x429, cx8, cmov, fxsr, ht, mmx, 3dnowpref, sse, sse2, sse3, ssse3, sse4.1, sse4.2, popcnt, lzcnt, tsc, tscinvbit, avx, avx2, aes, erms, clmul, bmi1, bmi2, adx, sha, fma, vzeroupper, clflush, clflushopt, clwb, hv, serialize, rdtscp, rdpid, fsrm, f16c, cet_ibt, cet_ss
Processor Information for processor 0
  Max Mhz: 2000, Current Mhz: 1520, Mhz Limit: 2000
Processor Information for processor 1
  Max Mhz: 2000, Current Mhz: 1520, Mhz Limit: 2000
Processor Information for processor 2
  Max Mhz: 2000, Current Mhz: 1520, Mhz Limit: 2000
Processor Information for processor 3
  Max Mhz: 2000, Current Mhz: 1520, Mhz Limit: 2000
Processor Information for processor 4
  Max Mhz: 2000, Current Mhz: 1520, Mhz Limit: 2000
Processor Information for processor 5
  Max Mhz: 2000, Current Mhz: 1520, Mhz Limit: 2000
Processor Information for processor 6
  Max Mhz: 2000, Current Mhz: 1520, Mhz Limit: 2000
Processor Information for processor 7
  Max Mhz: 2000, Current Mhz: 1520, Mhz Limit: 2000
Processor Information for processor 8
  Max Mhz: 2000, Current Mhz: 1500, Mhz Limit: 1500
Processor Information for processor 9
  Max Mhz: 2000, Current Mhz: 1500, Mhz Limit: 1500
Processor Information for processor 10
  Max Mhz: 2000, Current Mhz: 1500, Mhz Limit: 1500
Processor Information for processor 11
  Max Mhz: 2000, Current Mhz: 1500, Mhz Limit: 1500

Memory: 4k page, system-wide physical 7884M (773M free)
TotalPageFile size 26634M (AvailPageFile size 215M)
current process WorkingSet (physical memory assigned to process): 9M, peak: 796M
current process commit charge ("private bytes"): 683M, peak: 744M

vm_info: OpenJDK 64-Bit Server VM (21.0.9+10-LTS) for windows-amd64 JRE (21.0.9+10-LTS), built on 2025-10-21T00:00:00Z by "admin" with unknown MS VC++:1942

END.
